nohup: ignoring input
ts=2025-06-13T05:33:05.151Z caller=main.go:534 level=info msg="No time or size retention was set so using the default time retention" duration=15d
ts=2025-06-13T05:33:05.151Z caller=main.go:578 level=info msg="Starting Prometheus Server" mode=server version="(version=2.45.0, branch=HEAD, revision=8ef767e396bf8445f009f945b0162fd71827f445)"
ts=2025-06-13T05:33:05.151Z caller=main.go:583 level=info build_context="(go=go1.20.5, platform=linux/amd64, user=root@920118f645b7, date=20230623-15:09:49, tags=netgo,builtinassets,stringlabels)"
ts=2025-06-13T05:33:05.151Z caller=main.go:584 level=info host_details="(Linux 5.15.0-1078-gke #84-Ubuntu SMP Tue Mar 25 18:49:30 UTC 2025 x86_64 runtime-bnrdghebnjedwzfi-696d48fc67-j2kwh (none))"
ts=2025-06-13T05:33:05.151Z caller=main.go:585 level=info fd_limits="(soft=1048576, hard=1048576)"
ts=2025-06-13T05:33:05.151Z caller=main.go:586 level=info vm_limits="(soft=unlimited, hard=unlimited)"
ts=2025-06-13T05:33:05.152Z caller=web.go:562 level=info component=web msg="Start listening for connections" address=0.0.0.0:9090
ts=2025-06-13T05:33:05.170Z caller=main.go:1019 level=info msg="Starting TSDB ..."
ts=2025-06-13T05:33:05.171Z caller=tls_config.go:274 level=info component=web msg="Listening on" address=[::]:9090
ts=2025-06-13T05:33:05.171Z caller=tls_config.go:277 level=info component=web msg="TLS is disabled." http2=false address=[::]:9090
ts=2025-06-13T05:33:05.174Z caller=head.go:595 level=info component=tsdb msg="Replaying on-disk memory mappable chunks if any"
ts=2025-06-13T05:33:05.174Z caller=head.go:676 level=info component=tsdb msg="On-disk memory mappable chunks replay completed" duration=1.6µs
ts=2025-06-13T05:33:05.174Z caller=head.go:684 level=info component=tsdb msg="Replaying WAL, this may take a while"
ts=2025-06-13T05:33:05.175Z caller=head.go:755 level=info component=tsdb msg="WAL segment loaded" segment=0 maxSegment=0
ts=2025-06-13T05:33:05.175Z caller=head.go:792 level=info component=tsdb msg="WAL replay completed" checkpoint_replay_duration=43.28µs wal_replay_duration=965.419µs wbl_replay_duration=280ns total_replay_duration=1.039909ms
ts=2025-06-13T05:33:05.176Z caller=main.go:1040 level=info fs_type=EXT4_SUPER_MAGIC
ts=2025-06-13T05:33:05.176Z caller=main.go:1043 level=info msg="TSDB started"
ts=2025-06-13T05:33:05.176Z caller=main.go:1224 level=info msg="Loading configuration file" filename=prometheus.yml
ts=2025-06-13T05:33:05.177Z caller=main.go:1261 level=info msg="Completed loading of configuration file" filename=prometheus.yml totalDuration=737.86µs db_storage=1.07µs remote_storage=1.24µs web_handler=310ns query_engine=890ns scrape=277.83µs scrape_sd=49.15µs notify=710ns notify_sd=1.35µs rules=1.22µs tracing=3.77µs
ts=2025-06-13T05:33:05.177Z caller=main.go:1004 level=info msg="Server is ready to receive web requests."
ts=2025-06-13T05:33:05.177Z caller=manager.go:995 level=info component="rule manager" msg="Starting rule manager..."
ts=2025-06-13T05:34:28.029Z caller=main.go:1224 level=info msg="Loading configuration file" filename=prometheus.yml
ts=2025-06-13T05:34:28.029Z caller=main.go:1261 level=info msg="Completed loading of configuration file" filename=prometheus.yml totalDuration=577.59µs db_storage=1.87µs remote_storage=1.89µs web_handler=560ns query_engine=1.31µs scrape=222.15µs scrape_sd=38.87µs notify=1.1µs notify_sd=1.29µs rules=1.89µs tracing=4.07µs
